 * Serving Flask app 'dashboard'
 * Debug mode: off
[31m[1mWARNING: This is a development server. Do not use it in a production deployment. Use a production WSGI server instead.[0m
 * Running on all addresses (0.0.0.0)
 * Running on http://127.0.0.1:5000
 * Running on http://81.17.100.103:5000
[33mPress CTRL+C to quit[0m
127.0.0.1 - - [27/Apr/2026 07:48:18] "GET /api/providers HTTP/1.1" 200 -
[2026-04-27 07:48:25,193] ERROR in app: Exception on /api/switch [POST]
Traceback (most recent call last):
  File "/home/rem/JAWL/venv/lib/python3.12/site-packages/flask/app.py", line 1511, in wsgi_app
    response = self.full_dispatch_request()
               ^^^^^^^^^^^^^^^^^^^^^^^^^^^^
  File "/home/rem/JAWL/venv/lib/python3.12/site-packages/flask/app.py", line 919, in full_dispatch_request
    rv = self.handle_user_exception(e)
         ^^^^^^^^^^^^^^^^^^^^^^^^^^^^^
  File "/home/rem/JAWL/venv/lib/python3.12/site-packages/flask/app.py", line 917, in full_dispatch_request
    rv = self.dispatch_request()
         ^^^^^^^^^^^^^^^^^^^^^^^
  File "/home/rem/JAWL/venv/lib/python3.12/site-packages/flask/app.py", line 902, in dispatch_request
    return self.ensure_sync(self.view_functions[rule.endpoint])(**view_args)  # type: ignore[no-any-return]
           ^^^^^^^^^^^^^^^^^^^^^^^^^^^^^^^^^^^^^^^^^^^^^^^^^^^^^^^^^^^^^^^^^
  File "/home/rem/JAWL/dashboard.py", line 436, in api_switch
    [sys.executable, MAIN_SCRIPT],
     ^^^
NameError: name 'sys' is not defined. Did you forget to import 'sys'
127.0.0.1 - - [27/Apr/2026 07:48:25] "[35m[1mPOST /api/switch HTTP/1.1[0m" 500 -
